[    0.000000] Linux version 4.15.0-212-generic (buildd@lcy02-amd64-083) (gcc version 7.5.0 (Ubuntu 7.5.0-3ubuntu1~18.04)) #223-Ubuntu SMP Tue May 23 13:09:22 UTC 2023 (Ubuntu 4.15.0-212.223-generic 4.15.18)
[    0.000000] Command line: BOOT_IMAGE=/boot/vmlinuz-4.15.0-212-generic root=LABEL=cloudimg-rootfs ro console=tty1 console=ttyS0
[    0.000000] KERNEL supported cpus:
[    0.000000]   Intel GenuineIntel
[    0.000000]   AMD AuthenticAMD
[    0.000000]   Centaur CentaurHauls
[    0.000000] x86/fpu: x87 FPU will use FXSAVE
[    0.000000] e820: BIOS-provided physical RAM map:
[    0.000000] BIOS-e820: [mem 0x0000000000000000-0x000000000009fbff] usable
[    0.000000] BIOS-e820: [mem 0x000000000009fc00-0x000000000009ffff] reserved
[    0.000000] BIOS-e820: [mem 0x00000000000f0000-0x00000000000fffff] reserved
[    0.000000] BIOS-e820: [mem 0x0000000000100000-0x000000003ffeffff] usable
[    0.000000] BIOS-e820: [mem 0x000000003fff0000-0x000000003fffffff] ACPI data
[    0.000000] BIOS-e820: [mem 0x00000000fec00000-0x00000000fec00fff] reserved
[    0.000000] BIOS-e820: [mem 0x00000000fee00000-0x00000000fee00fff] reserved
[    0.000000] BIOS-e820: [mem 0x00000000fffc0000-0x00000000ffffffff] reserved
[    0.000000] NX (Execute Disable) protection: active
[    0.000000] SMBIOS 2.5 present.
[    0.000000] DMI: innotek GmbH VirtualBox/VirtualBox, BIOS VirtualBox 12/01/2006
[    0.000000] Hypervisor detected: KVM
[    0.000000] e820: last_pfn = 0x3fff0 max_arch_pfn = 0x400000000
[    0.000000] MTRR: Disabled
[    0.000000] x86/PAT: MTRRs disabled, skipping PAT initialization too.
[    0.000000] CPU MTRRs all blank - virtualized system.
[    0.000000] x86/PAT: Configuration [0-7]: WB  WT  UC- UC  WB  WT  UC- UC  
[    0.000000] found SMP MP-table at [mem 0x0009fff0-0x0009ffff]
[    0.000000] Scanning 1 areas for low memory corruption
[    0.000000] RAMDISK: [mem 0x359cb000-0x36cdcfff]
[    0.000000] ACPI: Early table checksum verification disabled
[    0.000000] ACPI: RSDP 0x00000000000E0000 000024 (v02 VBOX  )
[    0.000000] ACPI: XSDT 0x000000003FFF0030 00003C (v01 VBOX   VBOXXSDT 00000001 ASL  00000061)
[    0.000000] ACPI: FACP 0x000000003FFF00F0 0000F4 (v04 VBOX   VBOXFACP 00000001 ASL  00000061)
[    0.000000] ACPI: DSDT 0x000000003FFF0610 002353 (v02 VBOX   VBOXBIOS 00000002 INTL 20220331)
[    0.000000] ACPI: FACS 0x000000003FFF0200 000040
[    0.000000] ACPI: FACS 0x000000003FFF0200 000040
[    0.000000] ACPI: APIC 0x000000003FFF0240 00005C (v02 VBOX   VBOXAPIC 00000001 ASL  00000061)
[    0.000000] ACPI: SSDT 0x000000003FFF02A0 00036C (v01 VBOX   VBOXCPUT 00000002 INTL 20220331)
[    0.000000] ACPI: Reserving FACP table memory at [mem 0x3fff00f0-0x3fff01e3]
[    0.000000] ACPI: Reserving DSDT table memory at [mem 0x3fff0610-0x3fff2962]
[    0.000000] ACPI: Reserving FACS table memory at [mem 0x3fff0200-0x3fff023f]
[    0.000000] ACPI: Reserving FACS table memory at [mem 0x3fff0200-0x3fff023f]
[    0.000000] ACPI: Reserving APIC table memory at [mem 0x3fff0240-0x3fff029b]
[    0.000000] ACPI: Reserving SSDT table memory at [mem 0x3fff02a0-0x3fff060b]
[    0.000000] No NUMA configuration found
[    0.000000] Faking a node at [mem 0x0000000000000000-0x000000003ffeffff]
[    0.000000] NODE_DATA(0) allocated [mem 0x3ffc5000-0x3ffeffff]
[    0.000000] kvm-clock: cpu 0, msr 0:3ff44001, primary cpu clock
[    0.000000] kvm-clock: Using msrs 4b564d01 and 4b564d00
[    0.000000] kvm-clock: using sched offset of 24924219550 cycles
[    0.000000] clocksource: kvm-clock: mask: 0xffffffffffffffff max_cycles: 0x1cd42e4dffb, max_idle_ns: 881590591483 ns
[    0.000000] Zone ranges:
[    0.000000]   DMA      [mem 0x0000000000001000-0x0000000000ffffff]
[    0.000000]   DMA32    [mem 0x0000000001000000-0x000000003ffeffff]
[    0.000000]   Normal   empty
[    0.000000]   Device   empty
[    0.000000] Movable zone start for each node
[    0.000000] Early memory node ranges
[    0.000000]   node   0: [mem 0x0000000000001000-0x000000000009efff]
[    0.000000]   node   0: [mem 0x0000000000100000-0x000000003ffeffff]
[    0.000000] Reserved but unavailable: 104 pages
[    0.000000] Initmem setup node 0 [mem 0x0000000000001000-0x000000003ffeffff]
[    0.000000] ACPI: PM-Timer IO Port: 0x4008
[    0.000000] IOAPIC[0]: apic_id 2, version 32, address 0xfec00000, GSI 0-23
[    0.000000] ACPI: INT_SRC_OVR (bus 0 bus_irq 0 global_irq 2 dfl dfl)
[    0.000000] ACPI: INT_SRC_OVR (bus 0 bus_irq 9 global_irq 9 low level)
[    0.000000] Using ACPI (MADT) for SMP configuration information
[    0.000000] smpboot: Allowing 2 CPUs, 0 hotplug CPUs
[    0.000000] PM: Registered nosave memory: [mem 0x00000000-0x00000fff]
[    0.000000] PM: Registered nosave memory: [mem 0x0009f000-0x0009ffff]
[    0.000000] PM: Registered nosave memory: [mem 0x000a0000-0x000effff]
[    0.000000] PM: Registered nosave memory: [mem 0x000f0000-0x000fffff]
[    0.000000] e820: [mem 0x40000000-0xfebfffff] available for PCI devices
[    0.000000] Booting paravirtualized kernel on KVM
[    0.000000] clocksource: refined-jiffies: mask: 0xffffffff max_cycles: 0xffffffff, max_idle_ns: 7645519600211568 ns
[    0.000000] setup_percpu: NR_CPUS:8192 nr_cpumask_bits:2 nr_cpu_ids:2 nr_node_ids:1
[    0.000000] percpu: Embedded 50 pages/cpu s167936 r8192 d28672 u1048576
[    0.000000] PV qspinlock hash table entries: 256 (order: 0, 4096 bytes)
[    0.000000] Built 1 zonelists, mobility grouping on.  Total pages: 257913
[    0.000000] Policy zone: DMA32
[    0.000000] Kernel command line: BOOT_IMAGE=/boot/vmlinuz-4.15.0-212-generic root=LABEL=cloudimg-rootfs ro console=tty1 console=ttyS0
[    0.000000] Memory: 982644K/1048120K available (12300K kernel code, 2477K rwdata, 4324K rodata, 2480K init, 2720K bss, 65476K reserved, 0K cma-reserved)
[    0.000000] SLUB: HWalign=64, Order=0-3, MinObjects=0, CPUs=2, Nodes=1
[    0.000000] Kernel/User page tables isolation: enabled
[    0.000000] ftrace: allocating 39508 entries in 155 pages
[    0.004000] Hierarchical RCU implementation.
[    0.004000] 	RCU restricting CPUs from NR_CPUS=8192 to nr_cpu_ids=2.
[    0.004000] 	Tasks RCU enabled.
[    0.004000] RCU: Adjusting geometry for rcu_fanout_leaf=16, nr_cpu_ids=2
[    0.004000] NR_IRQS: 524544, nr_irqs: 440, preallocated irqs: 16
[    0.004000] Console: colour VGA+ 80x25
[    0.004000] console [tty1] enabled
[    0.004000] console [ttyS0] enabled
[    0.004000] ACPI: Core revision 20170831
[    0.004000] ACPI: 2 ACPI AML tables successfully acquired and loaded
[    0.004000] APIC: Switch to symmetric I/O mode setup
[    0.004000] x2apic enabled
[    0.004000] Switched APIC routing to physical x2apic.
[    0.004000] ..TIMER: vector=0x30 apic1=0 pin1=2 apic2=-1 pin2=-1
[    0.004106] tsc: Detected 23.963 MHz processor
[    0.004700] Calibrating delay loop (skipped) preset value.. 47.92 BogoMIPS (lpj=95852)
[    0.005249] pid_max: default: 32768 minimum: 301
[    0.013814] Security Framework initialized
[    0.014351] Yama: becoming mindful.
[    0.017878] AppArmor: AppArmor initialized
[    0.029618] Dentry cache hash table entries: 131072 (order: 8, 1048576 bytes)
[    0.034785] Inode-cache hash table entries: 65536 (order: 7, 524288 bytes)
[    0.036889] Mount-cache hash table entries: 2048 (order: 2, 16384 bytes)
[    0.037952] Mountpoint-cache hash table entries: 2048 (order: 2, 16384 bytes)
[    0.050702] Last level iTLB entries: 4KB 64, 2MB 8, 4MB 8
[    0.051464] Last level dTLB entries: 4KB 64, 2MB 0, 4MB 0, 1GB 4
[    0.052000] Spectre V1 : Mitigation: usercopy/swapgs barriers and __user pointer sanitization
[    0.052122] Spectre V2 : Mitigation: Retpolines
[    0.052821] Spectre V2 : Spectre v2 / SpectreRSB mitigation: Filling RSB on context switch
[    0.053829] Spectre V2 : Spectre v2 / SpectreRSB : Filling RSB on VMEXIT
[    0.054552] RETBleed: WARNING: Spectre v2 mitigation leaves CPU vulnerable to RETBleed attacks, data leaks possible!
[    0.056080] RETBleed: Vulnerable
[    0.056734] Speculative Store Bypass: Vulnerable
[    0.059283] MDS: Vulnerable: Clear CPU buffers attempted, no microcode
[    0.060097] MMIO Stale Data: Vulnerable: Clear CPU buffers attempted, no microcode
[    0.067916] Freeing SMP alternatives memory: 36K
[    0.236876] smpboot: CPU0: Intel(R) Core(TM) i7-6700K CPU @ 4.00GHz (family: 0x6, model: 0x5e, stepping: 0x3)
[    0.242585] Performance Events: unsupported p6 CPU model 94 no PMU driver, software events only.
[    0.244421] Hierarchical SRCU implementation.
[    0.256000] NMI watchdog: Perf event create on CPU 0 failed with -2
[    0.256088] NMI watchdog: Perf NMI watchdog permanently disabled
[    0.260000] smp: Bringing up secondary CPUs ...
[    0.268000] x86: Booting SMP configuration:
[    0.268094] .... node  #0, CPUs:      #1
[    0.004000] kvm-clock: cpu 1, msr 0:3ff44041, secondary cpu clock
[    0.272713] smp: Brought up 1 node, 2 CPUs
[    0.272713] smpboot: Max logical packages: 1
[    0.273196] smpboot: Total of 2 processors activated (95.85 BogoMIPS)
[    0.288173] devtmpfs: initialized
[    0.293830] x86/mm: Memory block size: 128MB
[    0.313910] evm: security.selinux
[    0.314272] evm: security.SMACK64
[    0.314729] evm: security.SMACK64EXEC
[    0.315210] evm: security.SMACK64TRANSMUTE
[    0.315677] evm: security.SMACK64MMAP
[    0.316455] evm: security.apparmor
[    0.316960] evm: security.ima
[    0.317765] evm: security.capability
[    0.328935] clocksource: jiffies: mask: 0xffffffff max_cycles: 0xffffffff, max_idle_ns: 7645041785100000 ns
[    0.329752] futex hash table entries: 512 (order: 3, 32768 bytes)
[    0.332974] pinctrl core: initialized pinctrl subsystem
[    0.339432] RTC time: 18:24:08, date: 11/04/24
[    0.355126] NET: Registered protocol family 16
[    0.363863] audit: initializing netlink subsys (disabled)
[    0.372328] audit: type=2000 audit(1730744676.939:1): state=initialized audit_enabled=0 res=1
[    0.377162] cpuidle: using governor ladder
[    0.377162] cpuidle: using governor menu
[    0.381790] ACPI: bus type PCI registered
[    0.382239] acpiphp: ACPI Hot Plug PCI Controller Driver version: 0.5
[    0.388238] PCI: Using configuration type 1 for base access
[    0.521811] HugeTLB registered 2.00 MiB page size, pre-allocated 0 pages
[    0.540000] ACPI: Added _OSI(Module Device)
[    0.540114] ACPI: Added _OSI(Processor Device)
[    0.540803] ACPI: Added _OSI(3.0 _SCP Extensions)
[    0.541272] ACPI: Added _OSI(Processor Aggregator Device)
[    0.541732] ACPI: Added _OSI(Linux-Dell-Video)
[    0.542278] ACPI: Added _OSI(Linux-Lenovo-NV-HDMI-Audio)
[    0.542745] ACPI: Added _OSI(Linux-HPI-Hybrid-Graphics)
[    0.547327] ACPI: Executed 1 blocks of module-level executable AML code
[    0.916000] ACPI: Interpreter enabled
[    0.916718] ACPI: (supports S0 S5)
[    0.917076] ACPI: Using IOAPIC for interrupt routing
[    0.938865] PCI: Using host bridge windows from ACPI; if necessary, use "pci=nocrs" and report a bug
[    0.947695] ACPI: Enabled 2 GPEs in block 00 to 07
[    1.449757] ACPI: PCI Root Bridge [PCI0] (domain 0000 [bus 00-ff])
[    1.450751] acpi PNP0A03:00: _OSC: OS supports [ASPM ClockPM Segments MSI]
[    1.516178] acpi PNP0A03:00: _OSC: not requesting OS control; OS requires [ExtendedConfig ASPM ClockPM MSI]
[    1.517566] acpi PNP0A03:00: fail to add MMCONFIG information, can't access extended PCI configuration space under this bridge.
[    1.538070] PCI host bridge to bus 0000:00
[    1.538609] pci_bus 0000:00: root bus resource [io  0x0000-0x0cf7 window]
[    1.539447] pci_bus 0000:00: root bus resource [io  0x0d00-0xffff window]
[    1.540175] pci_bus 0000:00: root bus resource [mem 0x000a0000-0x000bffff window]
[    1.540835] pci_bus 0000:00: root bus resource [mem 0x40000000-0xfdffffff window]
[    1.541664] pci_bus 0000:00: root bus resource [bus 00-ff]
[    1.564877] pci 0000:00:01.1: legacy IDE quirk: reg 0x10: [io  0x01f0-0x01f7]
[    1.565489] pci 0000:00:01.1: legacy IDE quirk: reg 0x14: [io  0x03f6]
[    1.566286] pci 0000:00:01.1: legacy IDE quirk: reg 0x18: [io  0x0170-0x0177]
[    1.567126] pci 0000:00:01.1: legacy IDE quirk: reg 0x1c: [io  0x0376]
[    1.610719] pci 0000:00:07.0: quirk: [io  0x4000-0x403f] claimed by PIIX4 ACPI
[    1.611538] pci 0000:00:07.0: quirk: [io  0x4100-0x410f] claimed by PIIX4 SMB
[    1.723042] ACPI: PCI Interrupt Link [LNKA] (IRQs 5 9 10 *11)
[    1.747504] ACPI: PCI Interrupt Link [LNKB] (IRQs 5 9 *10 11)
[    1.753956] ACPI: PCI Interrupt Link [LNKC] (IRQs 5 *9 10 11)
[    1.760448] ACPI: PCI Interrupt Link [LNKD] (IRQs 5 9 10 *11)
[    1.782863] SCSI subsystem initialized
[    1.788578] pci 0000:00:02.0: vgaarb: setting as boot VGA device
[    1.789535] pci 0000:00:02.0: vgaarb: VGA device added: decodes=io+mem,owns=io+mem,locks=none
[    1.792362] pci 0000:00:02.0: vgaarb: bridge control possible
[    1.793516] vgaarb: loaded
[    1.797723] ACPI: bus type USB registered
[    1.801708] usbcore: registered new interface driver usbfs
[    1.803386] usbcore: registered new interface driver hub
[    1.804543] usbcore: registered new device driver usb
[    1.808815] EDAC MC: Ver: 3.0.0
[    1.817993] PCI: Using ACPI for IRQ routing
[    1.828351] NetLabel: Initializing
[    1.828947] NetLabel:  domain hash size = 128
[    1.829409] NetLabel:  protocols = UNLABELED CIPSOv4 CALIPSO
[    1.830891] NetLabel:  unlabeled traffic allowed by default
[    1.837602] clocksource: Switched to clocksource kvm-clock
[    3.053217] VFS: Disk quotas dquot_6.6.0
[    3.054871] VFS: Dquot-cache hash table entries: 512 (order 0, 4096 bytes)
[    3.064258] AppArmor: AppArmor Filesystem Enabled
[    3.065925] pnp: PnP ACPI init
[    3.132017] pnp: PnP ACPI: found 3 devices
[    3.264890] clocksource: acpi_pm: mask: 0xffffff max_cycles: 0xffffff, max_idle_ns: 2085701024 ns
[    3.270988] NET: Registered protocol family 2
[    3.274115] IP idents hash table entries: 16384 (order: 5, 131072 bytes)
[    3.294229] TCP established hash table entries: 8192 (order: 4, 65536 bytes)
[    3.296989] TCP bind hash table entries: 8192 (order: 5, 131072 bytes)
[    3.299316] TCP: Hash tables configured (established 8192 bind 8192)
[    3.300409] UDP hash table entries: 512 (order: 2, 16384 bytes)
[    3.302256] UDP-Lite hash table entries: 512 (order: 2, 16384 bytes)
[    3.305608] NET: Registered protocol family 1
[    3.306338] pci 0000:00:00.0: Limiting direct PCI/PCI transfers
[    3.307185] pci 0000:00:01.0: Activating ISA DMA hang workarounds
[    3.308111] pci 0000:00:02.0: Video device with shadowed ROM at [mem 0x000c0000-0x000dffff]
[    3.311591] Unpacking initramfs...
[   20.928382] Freeing initrd memory: 19528K
[   20.931743] clocksource: tsc: mask: 0xffffffffffffffff max_cycles: 0x586cf603c, max_idle_ns: 440795203057 ns
[   20.934321] platform rtc_cmos: registered platform RTC device (no PNP device found)
[   20.936716] Scanning for low memory corruption every 60 seconds
[   20.970315] Initialise system trusted keyrings
[   20.971706] Key type blacklist registered
[   20.974246] workingset: timestamp_bits=36 max_order=18 bucket_order=0
[   21.114558] zbud: loaded
[   21.154090] squashfs: version 4.0 (2009/01/31) Phillip Lougher
[   21.170037] fuse init (API version 7.26)
[   21.258578] Key type asymmetric registered
[   21.259169] Asymmetric key parser 'x509' registered
[   21.262561] Block layer SCSI generic (bsg) driver version 0.4 loaded (major 246)
[   21.265246] io scheduler noop registered
[   21.265809] io scheduler deadline registered
[   21.269053] io scheduler cfq registered (default)
[   21.282973] ACPI: AC Adapter [AC] (off-line)
[   21.287121] input: Power Button as /devices/LNXSYSTM:00/LNXPWRBN:00/input/input0
[   21.288726] ACPI: Power Button [PWRF]
[   21.291752] input: Sleep Button as /devices/LNXSYSTM:00/LNXSLPBN:00/input/input1
[   21.293476] ACPI: Sleep Button [SLPF]
[   21.314336] Serial: 8250/16550 driver, 32 ports, IRQ sharing enabled
[   21.337291] 00:02: ttyS0 at I/O 0x3f8 (irq = 4, base_baud = 115200) is a 16550A
[   21.357375] ACPI: Battery Slot [BAT0] (battery present)
[   21.484825] Linux agpgart interface v0.103
[   21.594919] loop: module loaded
[   21.624246] scsi host0: ata_piix
[   21.629906] scsi host1: ata_piix
[   21.633145] ata1: PATA max UDMA/33 cmd 0x1f0 ctl 0x3f6 bmdma 0xd000 irq 14
[   21.633661] ata2: PATA max UDMA/33 cmd 0x170 ctl 0x376 bmdma 0xd008 irq 15
[   21.640573] tun: Universal TUN/TAP device driver, 1.6
[   21.643027] PPP generic driver version 2.4.2
[   21.645702] ehci_hcd: USB 2.0 'Enhanced' Host Controller (EHCI) Driver
[   21.646324] ehci-pci: EHCI PCI platform driver
[   21.647643] ehci-platform: EHCI generic platform driver
[   21.648914] ohci_hcd: USB 1.1 'Open' Host Controller (OHCI) Driver
[   21.649530] ohci-pci: OHCI PCI platform driver
[   21.650509] ohci-platform: OHCI generic platform driver
[   21.651462] uhci_hcd: USB Universal Host Controller Interface driver
[   21.655405] i8042: PNP: PS/2 Controller [PNP0303:PS2K,PNP0f03:PS2M] at 0x60,0x64 irq 1,12
[   21.659289] serio: i8042 KBD port at 0x60,0x64 irq 1
[   21.661218] serio: i8042 AUX port at 0x60,0x64 irq 12
[   21.665697] mousedev: PS/2 mouse device common for all mice
[   21.674945] input: AT Translated Set 2 keyboard as /devices/platform/i8042/serio0/input/input2
[   21.679054] rtc_cmos rtc_cmos: rtc core: registered rtc_cmos as rtc0
[   21.679775] rtc_cmos rtc_cmos: alarms up to one day, 114 bytes nvram
[   21.680994] i2c /dev entries driver
[   21.684610] device-mapper: uevent: version 1.0.3
[   21.689961] device-mapper: ioctl: 4.37.0-ioctl (2017-09-20) initialised: dm-devel@redhat.com
[   21.691531] ledtrig-cpu: registered to indicate activity on CPUs
[   21.715679] NET: Registered protocol family 10
